// Jest Snapshot v1, https://goo.gl/fbAQLP

exports[`CancelAskTokenModal component render and token cancel ask order event check 1`] = `
Array [
  <div
    className=""
    onClick={[Function]}
  />,
  <div
    className="Modal modal  Modal-send-token"
  >
    <div
      onClick={[Function]}
    >
      <div
        className="modal-background"
      />
    </div>
    <div
      className="modal-content"
    >
      <div
        className="card"
      >
        <button
          className="modal-close is-large "
          onClick={[Function]}
        />
        <div
          className="card-content"
        >
          <div
            className="content"
          >
            <div
              className="create-token-form"
            >
              <h4>
                Cancel Sell token order
              </h4>
              <div
                className="input-form"
              >
                <input
                  className="form-input"
                  disabled={true}
                  name="token"
                  type="text"
                  value="Token: Test9"
                />
                <input
                  className="form-input"
                  disabled={true}
                  name="token"
                  type="text"
                  value="Order size: 2"
                />
                <input
                  className="form-input"
                  disabled={true}
                  name="token"
                  type="text"
                  value="Price: 0.01"
                />
                <input
                  className="form-input"
                  disabled={true}
                  name="token"
                  type="text"
                  value="Total: 0.02"
                />
                <button
                  className="form-input"
                  disabled={false}
                  onClick={[Function]}
                  type="button"
                >
                  Cancel
                </button>
              </div>
            </div>
          </div>
        </div>
      </div>
    </div>
  </div>,
]
`;
