// Jest Snapshot v1, https://goo.gl/fbAQLP

exports[`SellTokenModal component render and token sell event check 1`] = `
Array [
  <div
    className="token-tile send-token-trigger sell-token-trigger"
    onClick={[Function]}
  >
    <i
      className="fa fa-dollar-sign"
    />
    Ask
  </div>,
  <div
    className="Modal modal  Modal-send-token"
  >
    <div
      onClick={[Function]}
    >
      <div
        className="modal-background"
      />
    </div>
    <div
      className="modal-content"
    >
      <div
        className="card"
      >
        <button
          className="modal-close is-large "
          onClick={[Function]}
        />
        <div
          className="card-content"
        >
          <div
            className="content"
          >
            <div
              className="create-token-form"
            >
              <h4>
                Place token sell order
              </h4>
              <p>
                Fill out the form below
              </p>
              <div
                className="input-form"
              >
                <div
                  className="dropdown"
                >
                  <div
                    className="dropdown-trigger highlight"
                  >
                    <button
                      className="button"
                      onClick={[Function]}
                    >
                      <span>
                        NFTJS
                      </span>
                      <span
                        className="dropdown-balance"
                      >
                        1
                      </span>
                      <span
                        className="icon is-small"
                      >
                        <i
                          className="fas fa-angle-down"
                        />
                      </span>
                    </button>
                  </div>
                  <div
                    className="dropdown-menu"
                    id="dropdown-menu"
                    role="menu"
                  >
                    <div
                      className="dropdown-content"
                    >
                      <input
                        autoComplete="off"
                        className="form-input form-input-quick-search"
                        name="dropdownQuickSearch"
                        onChange={[Function]}
                        placeholder="Search..."
                        type="text"
                        value=""
                      />
                      <a
                        className="dropdown-item"
                        onClick={[Function]}
                        title=""
                      >
                        Test
                        <span
                          className="dropdown-balance"
                        >
                          10
                        </span>
                      </a>
                      <a
                        className="dropdown-item"
                        onClick={[Function]}
                        title=""
                      >
                        CopyCat
                        <span
                          className="dropdown-balance"
                        >
                          1
                        </span>
                      </a>
                      <a
                        className="dropdown-item"
                        onClick={[Function]}
                        title=""
                      >
                        Test
                        <span
                          className="dropdown-balance"
                        >
                          10
                        </span>
                      </a>
                      <a
                        className="dropdown-item"
                        onClick={[Function]}
                        title=""
                      >
                        NFTJS
                        <span
                          className="dropdown-balance"
                        >
                          1
                        </span>
                      </a>
                      <a
                        className="dropdown-item"
                        onClick={[Function]}
                        title=""
                      >
                        Test7
                        <span
                          className="dropdown-balance"
                        >
                          8
                        </span>
                      </a>
                      <a
                        className="dropdown-item"
                        onClick={[Function]}
                        title=""
                      >
                        Test2
                        <span
                          className="dropdown-balance"
                        >
                          10
                        </span>
                      </a>
                      <a
                        className="dropdown-item"
                        onClick={[Function]}
                        title=""
                      >
                        Test4
                        <span
                          className="dropdown-balance"
                        >
                          1
                        </span>
                      </a>
                      <a
                        className="dropdown-item"
                        onClick={[Function]}
                        title=""
                      >
                        Test9
                        <span
                          className="dropdown-balance"
                        >
                          8
                        </span>
                      </a>
                      <a
                        className="dropdown-item"
                        onClick={[Function]}
                        title=""
                      >
                        Test
                        <span
                          className="dropdown-balance"
                        >
                          10
                        </span>
                      </a>
                      <a
                        className="dropdown-item"
                        onClick={[Function]}
                        title=""
                      >
                        Test5
                        <span
                          className="dropdown-balance"
                        >
                          1
                        </span>
                      </a>
                      <a
                        className="dropdown-item"
                        onClick={[Function]}
                        title=""
                      >
                        Test
                        <span
                          className="dropdown-balance"
                        >
                          10
                        </span>
                      </a>
                      <a
                        className="dropdown-item"
                        onClick={[Function]}
                        title=""
                      >
                        Test8
                        <span
                          className="dropdown-balance"
                        >
                          10
                        </span>
                      </a>
                      <a
                        className="dropdown-item"
                        onClick={[Function]}
                        title=""
                      >
                        Test
                        <span
                          className="dropdown-balance"
                        >
                          10
                        </span>
                      </a>
                    </div>
                  </div>
                </div>
                <input
                  className="form-input"
                  name="amount"
                  onChange={[Function]}
                  placeholder="Amount (qty)"
                  type="text"
                  value={1}
                />
                <input
                  className="form-input"
                  name="price"
                  onChange={[Function]}
                  placeholder="Price in TKLTEST"
                  type="text"
                  value={0.00001}
                />
                <button
                  className="form-input"
                  disabled={false}
                  onClick={[Function]}
                  type="button"
                >
                  Sell
                </button>
              </div>
            </div>
          </div>
        </div>
      </div>
    </div>
  </div>,
]
`;
